<input type="text" name="date" class="nette-date-time" data-dateinput-type="datetime" id="frm-date">